CREATE TABLE IF NOT EXISTS users (
    id SERIAL PRIMARY KEY,
    email VARCHAR(255) NOT NULL UNIQUE,
    name VARCHAR(255) NOT NULL,
    role VARCHAR(50) DEFAULT 'user',
    created_at TIMESTAMP DEFAULT CURRENT_TIMESTAMP,
    updated_at TIMESTAMP DEFAULT CURRENT_TIMESTAMP
);

CREATE OR REPLACE FUNCTION update_updated_at_column()
RETURNS TRIGGER AS $$
BEGIN
    NEW.updated_at = CURRENT_TIMESTAMP;
    RETURN NEW;
END;
$$ LANGUAGE plpgsql;

CREATE TRIGGER trg_users_update
BEFORE UPDATE ON users
FOR EACH ROW
EXECUTE FUNCTION update_updated_at_column();

CREATE INDEX idx_email ON users(email);

CREATE TABLE IF NOT EXISTS auths (
    id SERIAL PRIMARY KEY,
    email VARCHAR(255) NOT NULL UNIQUE,
    password VARCHAR(255) NOT NULL,
    salt VARCHAR(255) NOT NULL,
    user_id INT NOT NULL,
    auth_type VARCHAR(50) DEFAULT 'email',
    banned BOOLEAN DEFAULT FALSE,
    created_at TIMESTAMP DEFAULT CURRENT_TIMESTAMP,
    updated_at TIMESTAMP DEFAULT CURRENT_TIMESTAMP,
    CONSTRAINT fk_auths_user_id FOREIGN KEY (user_id) REFERENCES users(id) ON DELETE CASCADE
);

CREATE TRIGGER trg_auths_update
BEFORE UPDATE ON auths
FOR EACH ROW
EXECUTE FUNCTION update_updated_at_column();

CREATE INDEX idx_user_id ON auths(user_id);
CREATE INDEX idx_email ON auths(email);

CREATE TABLE IF NOT EXISTS refresh_tokens (
    id SERIAL PRIMARY KEY,
    user_id INT NOT NULL,
    token VARCHAR(255) NOT NULL UNIQUE,
    JKT   VARCHAR(255) NOT NULL,
    ip_address VARCHAR(255),
    user_agent TEXT,
    locale VARCHAR(50) DEFAULT 'en-US',
    timezone VARCHAR(50) DEFAULT 'UTC',
    expires_at INT NOT NULL,
    revoked BOOLEAN DEFAULT FALSE,
    revoked_at INT NULL,
    revoked_reason VARCHAR(255),
    created_at TIMESTAMP DEFAULT CURRENT_TIMESTAMP,
    updated_at TIMESTAMP DEFAULT CURRENT_TIMESTAMP,
    CONSTRAINT fk_refresh_tokens_user_id FOREIGN KEY (user_id) REFERENCES users(id) ON DELETE CASCADE
);

CREATE TRIGGER trg_refresh_tokens_update
BEFORE UPDATE ON refresh_tokens
FOR EACH ROW
EXECUTE FUNCTION update_updated_at_column();

CREATE INDEX idx_user_id ON refresh_tokens(user_id);
CREATE INDEX idx_token ON refresh_tokens(token);
CREATE INDEX idx_expires_at ON refresh_tokens(expires_at);